Analysis & Synthesis report for uart
Tue Nov 23 22:34:42 2021
Quartus Prime Version 19.1.0 Build 670 09/22/2019 SJ Lite Edition


---------------------
; Table of Contents ;
---------------------
  1. Legal Notice
  2. Analysis & Synthesis Summary
  3. Analysis & Synthesis Settings
  4. Parallel Compilation
  5. Analysis & Synthesis Source Files Read
  6. Analysis & Synthesis Resource Usage Summary
  7. Analysis & Synthesis Resource Utilization by Entity
  8. User-Specified and Inferred Latches
  9. Logic Cells Representing Combinational Loops
 10. General Register Statistics
 11. Post-Synthesis Netlist Statistics for Top Partition
 12. Elapsed Time Per Partition
 13. Analysis & Synthesis Messages



----------------
; Legal Notice ;
----------------
Copyright (C) 2019  Intel Corporation. All rights reserved.
Your use of Intel Corporation's design tools, logic functions 
and other software and tools, and any partner logic 
functions, and any output files from any of the foregoing 
(including device programming or simulation files), and any 
associated documentation or information are expressly subject 
to the terms and conditions of the Intel Program License 
Subscription Agreement, the Intel Quartus Prime License Agreement,
the Intel FPGA IP License Agreement, or other applicable license
agreement, including, without limitation, that your use is for
the sole purpose of programming logic devices manufactured by
Intel and sold by Intel or its authorized distributors.  Please
refer to the applicable agreement for further details, at
https://fpgasoftware.intel.com/eula.



+----------------------------------------------------------------------------------+
; Analysis & Synthesis Summary                                                     ;
+------------------------------------+---------------------------------------------+
; Analysis & Synthesis Status        ; Successful - Tue Nov 23 22:34:42 2021       ;
; Quartus Prime Version              ; 19.1.0 Build 670 09/22/2019 SJ Lite Edition ;
; Revision Name                      ; uart                                        ;
; Top-level Entity Name              ; uart                                        ;
; Family                             ; Cyclone IV E                                ;
; Total logic elements               ; 18                                          ;
;     Total combinational functions  ; 18                                          ;
;     Dedicated logic registers      ; 0                                           ;
; Total registers                    ; 0                                           ;
; Total pins                         ; 2                                           ;
; Total virtual pins                 ; 0                                           ;
; Total memory bits                  ; 0                                           ;
; Embedded Multiplier 9-bit elements ; 0                                           ;
; Total PLLs                         ; 0                                           ;
+------------------------------------+---------------------------------------------+


+------------------------------------------------------------------------------------------------------------+
; Analysis & Synthesis Settings                                                                              ;
+------------------------------------------------------------------+--------------------+--------------------+
; Option                                                           ; Setting            ; Default Value      ;
+------------------------------------------------------------------+--------------------+--------------------+
; Device                                                           ; EP4CE22F17C6       ;                    ;
; Top-level entity name                                            ; uart               ; uart               ;
; Family name                                                      ; Cyclone IV E       ; Cyclone V          ;
; Use smart compilation                                            ; Off                ; Off                ;
; Enable parallel Assembler and Timing Analyzer during compilation ; On                 ; On                 ;
; Enable compact report table                                      ; Off                ; Off                ;
; Restructure Multiplexers                                         ; Auto               ; Auto               ;
; Create Debugging Nodes for IP Cores                              ; Off                ; Off                ;
; Preserve fewer node names                                        ; On                 ; On                 ;
; Intel FPGA IP Evaluation Mode                                    ; Enable             ; Enable             ;
; Verilog Version                                                  ; Verilog_2001       ; Verilog_2001       ;
; VHDL Version                                                     ; VHDL_1993          ; VHDL_1993          ;
; State Machine Processing                                         ; Auto               ; Auto               ;
; Safe State Machine                                               ; Off                ; Off                ;
; Extract Verilog State Machines                                   ; On                 ; On                 ;
; Extract VHDL State Machines                                      ; On                 ; On                 ;
; Ignore Verilog initial constructs                                ; Off                ; Off                ;
; Iteration limit for constant Verilog loops                       ; 5000               ; 5000               ;
; Iteration limit for non-constant Verilog loops                   ; 250                ; 250                ;
; Add Pass-Through Logic to Inferred RAMs                          ; On                 ; On                 ;
; Infer RAMs from Raw Logic                                        ; On                 ; On                 ;
; Parallel Synthesis                                               ; On                 ; On                 ;
; DSP Block Balancing                                              ; Auto               ; Auto               ;
; NOT Gate Push-Back                                               ; On                 ; On                 ;
; Power-Up Don't Care                                              ; On                 ; On                 ;
; Remove Redundant Logic Cells                                     ; Off                ; Off                ;
; Remove Duplicate Registers                                       ; On                 ; On                 ;
; Ignore CARRY Buffers                                             ; Off                ; Off                ;
; Ignore CASCADE Buffers                                           ; Off                ; Off                ;
; Ignore GLOBAL Buffers                                            ; Off                ; Off                ;
; Ignore ROW GLOBAL Buffers                                        ; Off                ; Off                ;
; Ignore LCELL Buffers                                             ; Off                ; Off                ;
; Ignore SOFT Buffers                                              ; On                 ; On                 ;
; Limit AHDL Integers to 32 Bits                                   ; Off                ; Off                ;
; Optimization Technique                                           ; Balanced           ; Balanced           ;
; Carry Chain Length                                               ; 70                 ; 70                 ;
; Auto Carry Chains                                                ; On                 ; On                 ;
; Auto Open-Drain Pins                                             ; On                 ; On                 ;
; Perform WYSIWYG Primitive Resynthesis                            ; Off                ; Off                ;
; Auto ROM Replacement                                             ; On                 ; On                 ;
; Auto RAM Replacement                                             ; On                 ; On                 ;
; Auto DSP Block Replacement                                       ; On                 ; On                 ;
; Auto Shift Register Replacement                                  ; Auto               ; Auto               ;
; Allow Shift Register Merging across Hierarchies                  ; Auto               ; Auto               ;
; Auto Clock Enable Replacement                                    ; On                 ; On                 ;
; Strict RAM Replacement                                           ; Off                ; Off                ;
; Allow Synchronous Control Signals                                ; On                 ; On                 ;
; Force Use of Synchronous Clear Signals                           ; Off                ; Off                ;
; Auto RAM Block Balancing                                         ; On                 ; On                 ;
; Auto RAM to Logic Cell Conversion                                ; Off                ; Off                ;
; Auto Resource Sharing                                            ; Off                ; Off                ;
; Allow Any RAM Size For Recognition                               ; Off                ; Off                ;
; Allow Any ROM Size For Recognition                               ; Off                ; Off                ;
; Allow Any Shift Register Size For Recognition                    ; Off                ; Off                ;
; Use LogicLock Constraints during Resource Balancing              ; On                 ; On                 ;
; Ignore translate_off and synthesis_off directives                ; Off                ; Off                ;
; Timing-Driven Synthesis                                          ; On                 ; On                 ;
; Report Parameter Settings                                        ; On                 ; On                 ;
; Report Source Assignments                                        ; On                 ; On                 ;
; Report Connectivity Checks                                       ; On                 ; On                 ;
; Ignore Maximum Fan-Out Assignments                               ; Off                ; Off                ;
; Synchronization Register Chain Length                            ; 2                  ; 2                  ;
; Power Optimization During Synthesis                              ; Normal compilation ; Normal compilation ;
; HDL message level                                                ; Level2             ; Level2             ;
; Suppress Register Optimization Related Messages                  ; Off                ; Off                ;
; Number of Removed Registers Reported in Synthesis Report         ; 5000               ; 5000               ;
; Number of Swept Nodes Reported in Synthesis Report               ; 5000               ; 5000               ;
; Number of Inverted Registers Reported in Synthesis Report        ; 100                ; 100                ;
; Clock MUX Protection                                             ; On                 ; On                 ;
; Auto Gated Clock Conversion                                      ; Off                ; Off                ;
; Block Design Naming                                              ; Auto               ; Auto               ;
; SDC constraint protection                                        ; Off                ; Off                ;
; Synthesis Effort                                                 ; Auto               ; Auto               ;
; Shift Register Replacement - Allow Asynchronous Clear Signal     ; On                 ; On                 ;
; Pre-Mapping Resynthesis Optimization                             ; Off                ; Off                ;
; Analysis & Synthesis Message Level                               ; Medium             ; Medium             ;
; Disable Register Merging Across Hierarchies                      ; Auto               ; Auto               ;
; Resource Aware Inference For Block RAM                           ; On                 ; On                 ;
+------------------------------------------------------------------+--------------------+--------------------+


+------------------------------------------+
; Parallel Compilation                     ;
+----------------------------+-------------+
; Processors                 ; Number      ;
+----------------------------+-------------+
; Number detected on machine ; 8           ;
; Maximum allowed            ; 4           ;
;                            ;             ;
; Average used               ; 1.00        ;
; Maximum used               ; 4           ;
;                            ;             ;
; Usage by Processor         ; % Time Used ;
;     Processor 1            ; 100.0%      ;
;     Processors 2-4         ;   0.0%      ;
+----------------------------+-------------+


+----------------------------------------------------------------------------------------------------------------------------+
; Analysis & Synthesis Source Files Read                                                                                     ;
+----------------------------------+-----------------+------------------------+------------------------------------+---------+
; File Name with User-Entered Path ; Used in Netlist ; File Type              ; File Name with Absolute Path       ; Library ;
+----------------------------------+-----------------+------------------------+------------------------------------+---------+
; uart.v                           ; yes             ; User Verilog HDL File  ; E:/uart/SM#2300_Task2B/uart/uart.v ;         ;
+----------------------------------+-----------------+------------------------+------------------------------------+---------+


+--------------------------------------------------------------+
; Analysis & Synthesis Resource Usage Summary                  ;
+---------------------------------------------+----------------+
; Resource                                    ; Usage          ;
+---------------------------------------------+----------------+
; Estimated Total logic elements              ; 18             ;
;                                             ;                ;
; Total combinational functions               ; 18             ;
; Logic element usage by number of LUT inputs ;                ;
;     -- 4 input functions                    ; 7              ;
;     -- 3 input functions                    ; 5              ;
;     -- <=2 input functions                  ; 6              ;
;                                             ;                ;
; Logic elements by mode                      ;                ;
;     -- normal mode                          ; 18             ;
;     -- arithmetic mode                      ; 0              ;
;                                             ;                ;
; Total registers                             ; 0              ;
;     -- Dedicated logic registers            ; 0              ;
;     -- I/O registers                        ; 0              ;
;                                             ;                ;
; I/O pins                                    ; 2              ;
;                                             ;                ;
; Embedded Multiplier 9-bit elements          ; 0              ;
;                                             ;                ;
; Maximum fan-out node                        ; cpb_count[0]~3 ;
; Maximum fan-out                             ; 8              ;
; Total fan-out                               ; 58             ;
; Average fan-out                             ; 2.64           ;
+---------------------------------------------+----------------+


+----------------------------------------------------------------------------------------------------------------------------------------------------------------------------------------------------------+
; Analysis & Synthesis Resource Utilization by Entity                                                                                                                                                      ;
+----------------------------+---------------------+---------------------------+-------------+--------------+---------+-----------+------+--------------+---------------------+-------------+--------------+
; Compilation Hierarchy Node ; Combinational ALUTs ; Dedicated Logic Registers ; Memory Bits ; DSP Elements ; DSP 9x9 ; DSP 18x18 ; Pins ; Virtual Pins ; Full Hierarchy Name ; Entity Name ; Library Name ;
+----------------------------+---------------------+---------------------------+-------------+--------------+---------+-----------+------+--------------+---------------------+-------------+--------------+
; |uart                      ; 18 (18)             ; 0 (0)                     ; 0           ; 0            ; 0       ; 0         ; 2    ; 0            ; |uart               ; uart        ; work         ;
+----------------------------+---------------------+---------------------------+-------------+--------------+---------+-----------+------+--------------+---------------------+-------------+--------------+
Note: For table entries with two numbers listed, the numbers in parentheses indicate the number of resources of the given type used by the specific entity alone. The numbers listed outside of parentheses indicate the total resources of the given type used by the specific entity and all of its sub-entities in the hierarchy.


+---------------------------------------------------------------------------------------------------+
; User-Specified and Inferred Latches                                                               ;
+----------------------------------------------------+---------------------+------------------------+
; Latch Name                                         ; Latch Enable Signal ; Free of Timing Hazards ;
+----------------------------------------------------+---------------------+------------------------+
; tx_out                                             ; Mux4                ; yes                    ;
; frame[2]                                           ; cpb_count[3]        ; yes                    ;
; frame[0]                                           ; cpb_count[3]~0      ; yes                    ;
; frame[1]                                           ; cpb_count[3]~0      ; yes                    ;
; Number of user-specified and inferred latches = 4  ;                     ;                        ;
+----------------------------------------------------+---------------------+------------------------+
Note: All latches listed above may not be present at the end of synthesis due to various synthesis optimizations.


+------------------------------------------------------------+
; Logic Cells Representing Combinational Loops               ;
+--------------------------------------------------------+---+
; Logic Cell Name                                        ;   ;
+--------------------------------------------------------+---+
; cpb_count[3]~0                                         ;   ;
; cpb_count[0]~1                                         ;   ;
; Add1~0                                                 ;   ;
; cpb_count[1]~2                                         ;   ;
; Add1~1                                                 ;   ;
; Number of logic cells representing combinational loops ; 5 ;
+--------------------------------------------------------+---+
Note: All cells listed above may not be present at the end of synthesis due to various synthesis optimizations.


+------------------------------------------------------+
; General Register Statistics                          ;
+----------------------------------------------+-------+
; Statistic                                    ; Value ;
+----------------------------------------------+-------+
; Total registers                              ; 0     ;
; Number of registers using Synchronous Clear  ; 0     ;
; Number of registers using Synchronous Load   ; 0     ;
; Number of registers using Asynchronous Clear ; 0     ;
; Number of registers using Asynchronous Load  ; 0     ;
; Number of registers using Clock Enable       ; 0     ;
; Number of registers using Preset             ; 0     ;
+----------------------------------------------+-------+


+-----------------------------------------------------+
; Post-Synthesis Netlist Statistics for Top Partition ;
+-----------------------+-----------------------------+
; Type                  ; Count                       ;
+-----------------------+-----------------------------+
; boundary_port         ; 2                           ;
; cycloneiii_lcell_comb ; 18                          ;
;     normal            ; 18                          ;
;         2 data inputs ; 6                           ;
;         3 data inputs ; 5                           ;
;         4 data inputs ; 7                           ;
;                       ;                             ;
; Max LUT depth         ; 4.00                        ;
; Average LUT depth     ; 2.70                        ;
+-----------------------+-----------------------------+


+-------------------------------+
; Elapsed Time Per Partition    ;
+----------------+--------------+
; Partition Name ; Elapsed Time ;
+----------------+--------------+
; Top            ; 00:00:00     ;
+----------------+--------------+


+-------------------------------+
; Analysis & Synthesis Messages ;
+-------------------------------+
Info: *******************************************************************
Info: Running Quartus Prime Analysis & Synthesis
    Info: Version 19.1.0 Build 670 09/22/2019 SJ Lite Edition
    Info: Processing started: Tue Nov 23 22:34:34 2021
Info: Command: quartus_map --read_settings_files=on --write_settings_files=off uart -c uart
Warning (18236): Number of processors has not been specified which may cause overloading on shared machines.  Set the global assignment NUM_PARALLEL_PROCESSORS in your QSF to an appropriate value for best performance.
Info (20030): Parallel compilation is enabled and will use 4 of the 4 processors detected
Info (12021): Found 1 design units, including 1 entities, in source file uart.v
    Info (12023): Found entity 1: uart File: E:/uart/SM#2300_Task2B/uart/uart.v Line: 20
Info (12127): Elaborating entity "uart" for the top level hierarchy
Warning (10036): Verilog HDL or VHDL warning at uart.v(36): object "state" assigned a value but never read File: E:/uart/SM#2300_Task2B/uart/uart.v Line: 36
Warning (10230): Verilog HDL assignment warning at uart.v(55): truncated value with size 32 to match size of target (9) File: E:/uart/SM#2300_Task2B/uart/uart.v Line: 55
Warning (10235): Verilog HDL Always Construct warning at uart.v(63): variable "cpb_count" is read inside the Always Construct but isn't in the Always Construct's Event Control File: E:/uart/SM#2300_Task2B/uart/uart.v Line: 63
Warning (10235): Verilog HDL Always Construct warning at uart.v(65): variable "frame" is read inside the Always Construct but isn't in the Always Construct's Event Control File: E:/uart/SM#2300_Task2B/uart/uart.v Line: 65
Warning (10230): Verilog HDL assignment warning at uart.v(65): truncated value with size 32 to match size of target (3) File: E:/uart/SM#2300_Task2B/uart/uart.v Line: 65
Warning (10235): Verilog HDL Always Construct warning at uart.v(69): variable "cpb_count" is read inside the Always Construct but isn't in the Always Construct's Event Control File: E:/uart/SM#2300_Task2B/uart/uart.v Line: 69
Warning (10230): Verilog HDL assignment warning at uart.v(69): truncated value with size 32 to match size of target (4) File: E:/uart/SM#2300_Task2B/uart/uart.v Line: 69
Warning (10240): Verilog HDL Always Construct warning at uart.v(60): inferring latch(es) for variable "frame", which holds its previous value in one or more paths through the always construct File: E:/uart/SM#2300_Task2B/uart/uart.v Line: 60
Warning (10235): Verilog HDL Always Construct warning at uart.v(74): variable "frame" is read inside the Always Construct but isn't in the Always Construct's Event Control File: E:/uart/SM#2300_Task2B/uart/uart.v Line: 74
Warning (10235): Verilog HDL Always Construct warning at uart.v(75): variable "cpb_count" is read inside the Always Construct but isn't in the Always Construct's Event Control File: E:/uart/SM#2300_Task2B/uart/uart.v Line: 75
Warning (10235): Verilog HDL Always Construct warning at uart.v(76): variable "start_bit" is read inside the Always Construct but isn't in the Always Construct's Event Control File: E:/uart/SM#2300_Task2B/uart/uart.v Line: 76
Warning (10235): Verilog HDL Always Construct warning at uart.v(77): variable "data_bit" is read inside the Always Construct but isn't in the Always Construct's Event Control File: E:/uart/SM#2300_Task2B/uart/uart.v Line: 77
Warning (10235): Verilog HDL Always Construct warning at uart.v(78): variable "data_bit" is read inside the Always Construct but isn't in the Always Construct's Event Control File: E:/uart/SM#2300_Task2B/uart/uart.v Line: 78
Warning (10235): Verilog HDL Always Construct warning at uart.v(79): variable "data_bit" is read inside the Always Construct but isn't in the Always Construct's Event Control File: E:/uart/SM#2300_Task2B/uart/uart.v Line: 79
Warning (10235): Verilog HDL Always Construct warning at uart.v(80): variable "data_bit" is read inside the Always Construct but isn't in the Always Construct's Event Control File: E:/uart/SM#2300_Task2B/uart/uart.v Line: 80
Warning (10235): Verilog HDL Always Construct warning at uart.v(81): variable "data_bit" is read inside the Always Construct but isn't in the Always Construct's Event Control File: E:/uart/SM#2300_Task2B/uart/uart.v Line: 81
Warning (10235): Verilog HDL Always Construct warning at uart.v(82): variable "data_bit" is read inside the Always Construct but isn't in the Always Construct's Event Control File: E:/uart/SM#2300_Task2B/uart/uart.v Line: 82
Warning (10235): Verilog HDL Always Construct warning at uart.v(83): variable "data_bit" is read inside the Always Construct but isn't in the Always Construct's Event Control File: E:/uart/SM#2300_Task2B/uart/uart.v Line: 83
Warning (10235): Verilog HDL Always Construct warning at uart.v(84): variable "data_bit" is read inside the Always Construct but isn't in the Always Construct's Event Control File: E:/uart/SM#2300_Task2B/uart/uart.v Line: 84
Warning (10235): Verilog HDL Always Construct warning at uart.v(85): variable "stop_bit" is read inside the Always Construct but isn't in the Always Construct's Event Control File: E:/uart/SM#2300_Task2B/uart/uart.v Line: 85
Warning (10235): Verilog HDL Always Construct warning at uart.v(86): variable "stop_bit" is read inside the Always Construct but isn't in the Always Construct's Event Control File: E:/uart/SM#2300_Task2B/uart/uart.v Line: 86
Warning (10270): Verilog HDL Case Statement warning at uart.v(75): incomplete case statement has no default case item File: E:/uart/SM#2300_Task2B/uart/uart.v Line: 75
Warning (10235): Verilog HDL Always Construct warning at uart.v(88): variable "cpb_count" is read inside the Always Construct but isn't in the Always Construct's Event Control File: E:/uart/SM#2300_Task2B/uart/uart.v Line: 88
Warning (10235): Verilog HDL Always Construct warning at uart.v(89): variable "start_bit" is read inside the Always Construct but isn't in the Always Construct's Event Control File: E:/uart/SM#2300_Task2B/uart/uart.v Line: 89
Warning (10235): Verilog HDL Always Construct warning at uart.v(90): variable "data_bit1" is read inside the Always Construct but isn't in the Always Construct's Event Control File: E:/uart/SM#2300_Task2B/uart/uart.v Line: 90
Warning (10235): Verilog HDL Always Construct warning at uart.v(91): variable "data_bit1" is read inside the Always Construct but isn't in the Always Construct's Event Control File: E:/uart/SM#2300_Task2B/uart/uart.v Line: 91
Warning (10235): Verilog HDL Always Construct warning at uart.v(92): variable "data_bit1" is read inside the Always Construct but isn't in the Always Construct's Event Control File: E:/uart/SM#2300_Task2B/uart/uart.v Line: 92
Warning (10235): Verilog HDL Always Construct warning at uart.v(93): variable "data_bit1" is read inside the Always Construct but isn't in the Always Construct's Event Control File: E:/uart/SM#2300_Task2B/uart/uart.v Line: 93
Warning (10235): Verilog HDL Always Construct warning at uart.v(94): variable "data_bit1" is read inside the Always Construct but isn't in the Always Construct's Event Control File: E:/uart/SM#2300_Task2B/uart/uart.v Line: 94
Warning (10235): Verilog HDL Always Construct warning at uart.v(95): variable "data_bit1" is read inside the Always Construct but isn't in the Always Construct's Event Control File: E:/uart/SM#2300_Task2B/uart/uart.v Line: 95
Warning (10235): Verilog HDL Always Construct warning at uart.v(96): variable "data_bit1" is read inside the Always Construct but isn't in the Always Construct's Event Control File: E:/uart/SM#2300_Task2B/uart/uart.v Line: 96
Warning (10235): Verilog HDL Always Construct warning at uart.v(97): variable "data_bit1" is read inside the Always Construct but isn't in the Always Construct's Event Control File: E:/uart/SM#2300_Task2B/uart/uart.v Line: 97
Warning (10235): Verilog HDL Always Construct warning at uart.v(98): variable "stop_bit" is read inside the Always Construct but isn't in the Always Construct's Event Control File: E:/uart/SM#2300_Task2B/uart/uart.v Line: 98
Warning (10235): Verilog HDL Always Construct warning at uart.v(99): variable "stop_bit" is read inside the Always Construct but isn't in the Always Construct's Event Control File: E:/uart/SM#2300_Task2B/uart/uart.v Line: 99
Warning (10270): Verilog HDL Case Statement warning at uart.v(88): incomplete case statement has no default case item File: E:/uart/SM#2300_Task2B/uart/uart.v Line: 88
Warning (10235): Verilog HDL Always Construct warning at uart.v(101): variable "cpb_count" is read inside the Always Construct but isn't in the Always Construct's Event Control File: E:/uart/SM#2300_Task2B/uart/uart.v Line: 101
Warning (10235): Verilog HDL Always Construct warning at uart.v(102): variable "start_bit" is read inside the Always Construct but isn't in the Always Construct's Event Control File: E:/uart/SM#2300_Task2B/uart/uart.v Line: 102
Warning (10235): Verilog HDL Always Construct warning at uart.v(103): variable "data_bit2" is read inside the Always Construct but isn't in the Always Construct's Event Control File: E:/uart/SM#2300_Task2B/uart/uart.v Line: 103
Warning (10235): Verilog HDL Always Construct warning at uart.v(104): variable "data_bit2" is read inside the Always Construct but isn't in the Always Construct's Event Control File: E:/uart/SM#2300_Task2B/uart/uart.v Line: 104
Warning (10235): Verilog HDL Always Construct warning at uart.v(105): variable "data_bit2" is read inside the Always Construct but isn't in the Always Construct's Event Control File: E:/uart/SM#2300_Task2B/uart/uart.v Line: 105
Warning (10235): Verilog HDL Always Construct warning at uart.v(106): variable "data_bit2" is read inside the Always Construct but isn't in the Always Construct's Event Control File: E:/uart/SM#2300_Task2B/uart/uart.v Line: 106
Warning (10235): Verilog HDL Always Construct warning at uart.v(107): variable "data_bit2" is read inside the Always Construct but isn't in the Always Construct's Event Control File: E:/uart/SM#2300_Task2B/uart/uart.v Line: 107
Warning (10235): Verilog HDL Always Construct warning at uart.v(108): variable "data_bit2" is read inside the Always Construct but isn't in the Always Construct's Event Control File: E:/uart/SM#2300_Task2B/uart/uart.v Line: 108
Warning (10235): Verilog HDL Always Construct warning at uart.v(109): variable "data_bit2" is read inside the Always Construct but isn't in the Always Construct's Event Control File: E:/uart/SM#2300_Task2B/uart/uart.v Line: 109
Warning (10235): Verilog HDL Always Construct warning at uart.v(110): variable "data_bit2" is read inside the Always Construct but isn't in the Always Construct's Event Control File: E:/uart/SM#2300_Task2B/uart/uart.v Line: 110
Warning (10235): Verilog HDL Always Construct warning at uart.v(111): variable "stop_bit" is read inside the Always Construct but isn't in the Always Construct's Event Control File: E:/uart/SM#2300_Task2B/uart/uart.v Line: 111
Warning (10235): Verilog HDL Always Construct warning at uart.v(112): variable "stop_bit" is read inside the Always Construct but isn't in the Always Construct's Event Control File: E:/uart/SM#2300_Task2B/uart/uart.v Line: 112
Warning (10270): Verilog HDL Case Statement warning at uart.v(101): incomplete case statement has no default case item File: E:/uart/SM#2300_Task2B/uart/uart.v Line: 101
Warning (10235): Verilog HDL Always Construct warning at uart.v(114): variable "cpb_count" is read inside the Always Construct but isn't in the Always Construct's Event Control File: E:/uart/SM#2300_Task2B/uart/uart.v Line: 114
Warning (10235): Verilog HDL Always Construct warning at uart.v(115): variable "start_bit" is read inside the Always Construct but isn't in the Always Construct's Event Control File: E:/uart/SM#2300_Task2B/uart/uart.v Line: 115
Warning (10235): Verilog HDL Always Construct warning at uart.v(116): variable "data_bit3" is read inside the Always Construct but isn't in the Always Construct's Event Control File: E:/uart/SM#2300_Task2B/uart/uart.v Line: 116
Warning (10235): Verilog HDL Always Construct warning at uart.v(117): variable "data_bit3" is read inside the Always Construct but isn't in the Always Construct's Event Control File: E:/uart/SM#2300_Task2B/uart/uart.v Line: 117
Warning (10235): Verilog HDL Always Construct warning at uart.v(118): variable "data_bit3" is read inside the Always Construct but isn't in the Always Construct's Event Control File: E:/uart/SM#2300_Task2B/uart/uart.v Line: 118
Warning (10235): Verilog HDL Always Construct warning at uart.v(119): variable "data_bit3" is read inside the Always Construct but isn't in the Always Construct's Event Control File: E:/uart/SM#2300_Task2B/uart/uart.v Line: 119
Warning (10235): Verilog HDL Always Construct warning at uart.v(120): variable "data_bit3" is read inside the Always Construct but isn't in the Always Construct's Event Control File: E:/uart/SM#2300_Task2B/uart/uart.v Line: 120
Warning (10235): Verilog HDL Always Construct warning at uart.v(121): variable "data_bit3" is read inside the Always Construct but isn't in the Always Construct's Event Control File: E:/uart/SM#2300_Task2B/uart/uart.v Line: 121
Warning (10235): Verilog HDL Always Construct warning at uart.v(122): variable "data_bit3" is read inside the Always Construct but isn't in the Always Construct's Event Control File: E:/uart/SM#2300_Task2B/uart/uart.v Line: 122
Warning (10235): Verilog HDL Always Construct warning at uart.v(123): variable "data_bit3" is read inside the Always Construct but isn't in the Always Construct's Event Control File: E:/uart/SM#2300_Task2B/uart/uart.v Line: 123
Warning (10235): Verilog HDL Always Construct warning at uart.v(124): variable "stop_bit" is read inside the Always Construct but isn't in the Always Construct's Event Control File: E:/uart/SM#2300_Task2B/uart/uart.v Line: 124
Warning (10235): Verilog HDL Always Construct warning at uart.v(125): variable "stop_bit" is read inside the Always Construct but isn't in the Always Construct's Event Control File: E:/uart/SM#2300_Task2B/uart/uart.v Line: 125
Warning (10270): Verilog HDL Case Statement warning at uart.v(114): incomplete case statement has no default case item File: E:/uart/SM#2300_Task2B/uart/uart.v Line: 114
Warning (10240): Verilog HDL Always Construct warning at uart.v(72): inferring latch(es) for variable "tx_out", which holds its previous value in one or more paths through the always construct File: E:/uart/SM#2300_Task2B/uart/uart.v Line: 72
Info (10041): Inferred latch for "tx_out" at uart.v(72) File: E:/uart/SM#2300_Task2B/uart/uart.v Line: 72
Info (10041): Inferred latch for "frame[0]" at uart.v(69) File: E:/uart/SM#2300_Task2B/uart/uart.v Line: 69
Info (10041): Inferred latch for "frame[1]" at uart.v(69) File: E:/uart/SM#2300_Task2B/uart/uart.v Line: 69
Info (10041): Inferred latch for "frame[2]" at uart.v(69) File: E:/uart/SM#2300_Task2B/uart/uart.v Line: 69
Warning (13012): Latch tx_out has unsafe behavior File: E:/uart/SM#2300_Task2B/uart/uart.v Line: 72
    Warning (13013): Ports D and ENA on the latch are fed by the same signal frame[2] File: E:/uart/SM#2300_Task2B/uart/uart.v Line: 69
Info (286030): Timing-Driven Synthesis is running
Info (16010): Generating hard_block partition "hard_block:auto_generated_inst"
    Info (16011): Adding 0 node(s), including 0 DDIO, 0 PLL, 0 transceiver and 0 LCELL
Warning (21074): Design contains 1 input pin(s) that do not drive logic
    Warning (15610): No output dependent on input pin "clk_50M" File: E:/uart/SM#2300_Task2B/uart/uart.v Line: 21
Info (21057): Implemented 20 device resources after synthesis - the final resource count might be different
    Info (21058): Implemented 1 input pins
    Info (21059): Implemented 1 output pins
    Info (21061): Implemented 18 logic cells
Info: Quartus Prime Analysis & Synthesis was successful. 0 errors, 67 warnings
    Info: Peak virtual memory: 4761 megabytes
    Info: Processing ended: Tue Nov 23 22:34:42 2021
    Info: Elapsed time: 00:00:08
    Info: Total CPU time (on all processors): 00:00:20


